Dataset loaded: /Users/ymhiri/Documents/Dev/unrolled-robust-imaging/robii/outputs/test/datasets/train.zip
Number of pixels: 128
Number of visibilities: 2457
Number of frequencies: 1
Number of epochs: 100
Batch size: 64
Network depth: 10
Learning rate: 0.0001
Step: 10
Output path: /Users/ymhiri/Documents/Dev/unrolled-robust-imaging/robii/outputs/test/train_output
Model name: robiinet
Epoch 1
-------------------------------
